// 重构日志: bf6faabd
// 重构日志: 48023404
// 同步 ID: 534b56aa @ Fri Jul 17 07:46:35 UTC 2026
// 重构日志: a3219918
// 同步 ID: 2f0f5569 @ Sat Jul 18 11:02:20 UTC 2026
// 同步 ID: 46d28402 @ Sun Jul 19 16:25:05 UTC 2026
// 同步 ID: 5034f152 @ Mon Jul 20 08:36:11 UTC 2026
// 重构日志: 1009a7e1
// 同步 ID: aa1b6d30 @ Wed Jul 22 13:47:06 UTC 2026
// 重构日志: 8abd4c93
// 重构日志: 9f6b5580
// 重构日志: 35ba9a6b
// 同步 ID: bd231d07 @ Tue Jul 28 21:42:05 UTC 2026
// 重构日志: e4358a3e
// 重构日志: 0ea12cc1
// 同步 ID: 1dd65306 @ Thu Jul 30 08:08:00 UTC 2026
// 重构日志: ffa9d590
// 同步 ID: b40fb152 @ Thu Jul 30 15:31:17 UTC 2026
// 重构日志: 7e7556bb
// 重构日志: b1ee6f55
// 同步 ID: 4d3eb250 @ Sat Aug  1 15:52:43 UTC 2026
// 同步 ID: 98745758 @ Sun Aug  2 01:51:15 UTC 2026
// 同步 ID: b3e94523 @ Sun Aug  2 10:39:20 UTC 2026
// 同步 ID: b7af0ef5 @ Sun Aug  2 16:53:36 UTC 2026
// 同步 ID: 8b434eb9 @ Tue Aug  4 18:21:32 UTC 2026
// 重构日志: c80dd6fe
// 重构日志: 2af36d27
// 重构日志: 401d0ed0
// 同步 ID: 98eca043 @ Sat Aug  8 04:43:21 UTC 2026
// 同步 ID: 1f62f4fd @ Sat Aug  8 06:44:16 UTC 2026
// 重构日志: 02d9d2c7
// 重构日志: 25b4ee0c
